
Running 1 test using 1 worker

  ✘  1 [chromium] › tests\e2e\game.spec.ts:4:3 › Crowd Runner Game Tests › should load the game, start correctly and play without JS errors (4.2s)
  ✘  2 [chromium] › tests\e2e\game.spec.ts:4:3 › Crowd Runner Game Tests › should load the game, start correctly and play without JS errors (retry #1) (4.6s)


  1) [chromium] › tests\e2e\game.spec.ts:4:3 › Crowd Runner Game Tests › should load the game, start correctly and play without JS errors 

    Error: [2mexpect([22m[31mreceived[39m[2m).[22mtoHaveLength[2m([22m[32mexpected[39m[2m)[22m

    Expected length: [32m0[39m
    Received length: [31m1[39m
    Received array:  [31m["Loading the stylesheet 'https://fonts.googleapis.com/css2?family=Rajdhani:wght@500;700&display=swap' violates the following Content Security Policy directive: \"style-src 'self' 'unsafe-inline'\". Note that 'style-src-elem' was not explicitly set, so 'style-src' is used as a fallback. The action has been blocked."][39m

      33 |
      34 |     // Check for JS runtime errors during rendering or updates
    > 35 |     expect(consoleErrors).toHaveLength(0);
         |                           ^
      36 |
      37 |     // Ensure the main UI overlay exists
      38 |     const scoreElement = page.locator('#scoreValue');
        at D:\Solutions\pessoal\warrior-x-horder\tests\e2e\game.spec.ts:35:27

    Error Context: test-results\game-Crowd-Runner-Game-Tes-b71bb--and-play-without-JS-errors-chromium\error-context.md

    Retry #1 ───────────────────────────────────────────────────────────────────────────────────────

    Error: [2mexpect([22m[31mreceived[39m[2m).[22mtoHaveLength[2m([22m[32mexpected[39m[2m)[22m

    Expected length: [32m0[39m
    Received length: [31m1[39m
    Received array:  [31m["Loading the stylesheet 'https://fonts.googleapis.com/css2?family=Rajdhani:wght@500;700&display=swap' violates the following Content Security Policy directive: \"style-src 'self' 'unsafe-inline'\". Note that 'style-src-elem' was not explicitly set, so 'style-src' is used as a fallback. The action has been blocked."][39m

      33 |
      34 |     // Check for JS runtime errors during rendering or updates
    > 35 |     expect(consoleErrors).toHaveLength(0);
         |                           ^
      36 |
      37 |     // Ensure the main UI overlay exists
      38 |     const scoreElement = page.locator('#scoreValue');
        at D:\Solutions\pessoal\warrior-x-horder\tests\e2e\game.spec.ts:35:27

    Error Context: test-results\game-Crowd-Runner-Game-Tes-b71bb--and-play-without-JS-errors-chromium-retry1\error-context.md

    attachment #2: trace (application/zip) ─────────────────────────────────────────────────────────
    test-results\game-Crowd-Runner-Game-Tes-b71bb--and-play-without-JS-errors-chromium-retry1\trace.zip
    Usage:

        npx playwright show-trace test-results\game-Crowd-Runner-Game-Tes-b71bb--and-play-without-JS-errors-chromium-retry1\trace.zip

    ────────────────────────────────────────────────────────────────────────────────────────────────

  1 failed
    [chromium] › tests\e2e\game.spec.ts:4:3 › Crowd Runner Game Tests › should load the game, start correctly and play without JS errors 
