
> warrior-x-horder@1.0.0 coverage
> vitest run --coverage --changed


[1m[46m RUN [49m[22m [36mv4.0.18 [39m[90m/app[39m
      [2mCoverage enabled with [22m[33mv8[39m

 [32m✓[39m tests/collisions_extra_coverage.test.ts [2m([22m[2m14 tests[22m[2m)[22m[32m 24[2mms[22m[39m
 [32m✓[39m tests/collisions_full.test.ts [2m([22m[2m21 tests[22m[2m)[22m[32m 34[2mms[22m[39m
[90mstdout[2m | tests/extra_coverage_p1.test.ts
[22m[39mCrowd Runner v1.1.0 - Build: 2026-05-07T23:27:48.383Z
Quality set to AUTO
Sprites pre-rendered. Cache size: [33m394[39m

[90mstdout[2m | tests/extra_coverage_p1.test.ts[2m > [22m[2mExtra Coverage Part 1[2m > [22m[2mGame[2m > [22m[2mshould handle toggleFullscreen
[22m[39mError attempting to enable fullscreen: Failed

 [32m✓[39m tests/extra_coverage_p1.test.ts [2m([22m[2m16 tests[22m[2m)[22m[32m 38[2mms[22m[39m
 [31m❯[39m tests/collisions_coverage_final.test.ts [2m([22m[2m19 tests[22m[2m | [22m[31m1 failed[39m[2m)[22m[32m 40[2mms[22m[39m
     [32m✓[39m should handle DAMAGE gate[32m 8[2mms[22m[39m
     [32m✓[39m should handle DAMAGE gate with default army damage[32m 1[2mms[22m[39m
     [32m✓[39m should handle small combos (2-4)[32m 2[2mms[22m[39m
     [32m✓[39m should handle soldier deaths in horde battle (damageFlash)[32m 1[2mms[22m[39m
     [32m✓[39m should handle killstreak > 0[32m 0[2mms[22m[39m
     [32m✓[39m should handle soldier deaths in MiniBoss battle[32m 1[2mms[22m[39m
     [32m✓[39m should handle soldier deaths in Boss battle[32m 1[2mms[22m[39m
     [32m✓[39m should destroy mystery box with bullet[32m 1[2mms[22m[39m
     [32m✓[39m should NOT destroy mystery box with enemy bullet[32m 1[2mms[22m[39m
[31m     [31m×[31m should handle multiple bullets hitting mystery box (second one ignores)[39m[32m 16[2mms[22m[39m
     [32m✓[39m should handle coin collision bounds (false)[32m 1[2mms[22m[39m
     [32m✓[39m should handle Boss collision with 0 soldiers[32m 1[2mms[22m[39m
     [32m✓[39m should handle mixed dead/alive soldiers in MiniBoss battle (skip dead)[32m 1[2mms[22m[39m
     [32m✓[39m should handle mixed dead/alive soldiers in Boss battle[32m 0[2mms[22m[39m
     [32m✓[39m should handle loop exit by casualty limit in MiniBoss battle[32m 1[2mms[22m[39m
     [32m✓[39m should handle loop exit by casualty limit in Boss battle[32m 0[2mms[22m[39m
     [32m✓[39m should handle mixed dead/alive soldiers in Horde battle (player side)[32m 1[2mms[22m[39m
     [32m✓[39m should handle mixed dead/alive soldiers in Horde battle (enemy side)[32m 1[2mms[22m[39m
     [32m✓[39m should handle mini boss bounds checking (false)[32m 1[2mms[22m[39m
 [32m✓[39m tests/ui-overlay.test.ts [2m([22m[2m20 tests[22m[2m)[22m[33m 601[2mms[22m[39m
       [33m[2m✓[22m[39m should setup shop UI [33m 349[2mms[22m[39m
 [32m✓[39m tests/entities_logic.test.ts [2m([22m[2m24 tests[22m[2m)[22m[32m 59[2mms[22m[39m
 [32m✓[39m tests/gap_coverage.test.ts [2m([22m[2m11 tests[22m[2m)[22m[32m 23[2mms[22m[39m
[90mstdout[2m | tests/collisions_logic.test.ts[2m > [22m[2mCollisions Coverage[2m > [22m[2mMystery Box Effects[2m > [22m[2mshould apply subtract effect
[22m[39mQuality set to AUTO

 [32m✓[39m tests/collisions_logic.test.ts [2m([22m[2m23 tests[22m[2m)[22m[32m 25[2mms[22m[39m
 [32m✓[39m tests/collisions.test.ts [2m([22m[2m27 tests[22m[2m)[22m[32m 22[2mms[22m[39m
 [32m✓[39m tests/entities.test.ts [2m([22m[2m24 tests[22m[2m)[22m[32m 51[2mms[22m[39m
[90mstdout[2m | tests/game.test.ts[2m > [22m[2mGame[2m > [22m[2mshould toggle pause
[22m[39mCrowd Runner v1.1.0 - Build: 2026-05-07T23:27:52.564Z

[90mstdout[2m | tests/game.test.ts[2m > [22m[2mGame[2m > [22m[2mshould toggle pause
[22m[39m⏸️ Jogo pausado
⏸️ Jogo retomado

[90mstdout[2m | tests/game.test.ts[2m > [22m[2mGame[2m > [22m[2mshould set level (debug)
[22m[39m🎮 Debug: Indo para Level 5

[90mstdout[2m | tests/shooting_full.test.ts
[22m[39mCrowd Runner v1.1.0 - Build: 2026-05-07T23:27:52.564Z
Quality set to AUTO

 [32m✓[39m tests/game.test.ts [2m([22m[2m10 tests[22m[2m)[22m[32m 66[2mms[22m[39m
 [32m✓[39m tests/shooting_full.test.ts [2m([22m[2m11 tests[22m[2m)[22m[32m 19[2mms[22m[39m
 [32m✓[39m tests/shooting.test.ts [2m([22m[2m15 tests[22m[2m)[22m[32m 13[2mms[22m[39m
 [32m✓[39m tests/spawner.test.ts [2m([22m[2m18 tests[22m[2m)[22m[32m 16[2mms[22m[39m
[90mstdout[2m | tests/collisions_coverage.test.ts
[22m[39mCrowd Runner v1.1.0 - Build: 2026-05-07T23:27:53.836Z
Quality set to AUTO

 [32m✓[39m tests/collisions_coverage.test.ts [2m([22m[2m10 tests[22m[2m)[22m[32m 22[2mms[22m[39m
[90mstdout[2m | tests/extra_coverage_p2.test.ts[2m > [22m[2mExtra Coverage Part 2[2m > [22m[2mUI Overlay[2m > [22m[2mshould handle Super Cannon click
[22m[39mQuality set to AUTO

 [32m✓[39m tests/extra_coverage_p2.test.ts [2m([22m[2m11 tests[22m[2m)[22m[32m 204[2mms[22m[39m
[90mstdout[2m | tests/game_coverage.test.ts
[22m[39mCrowd Runner v1.1.0 - Build: 2026-05-07T23:27:54.879Z
Quality set to AUTO

[90mstdout[2m | tests/game_full.test.ts[2m > [22m[2mGame Loop - Full Coverage[2m > [22m[2mshould initialize game on load
[22m[39mCrowd Runner v1.1.0 - Build: 2026-05-07T23:27:55.072Z
Quality set to AUTO

[90mstdout[2m | tests/game_full.test.ts[2m > [22m[2mGame Loop - Full Coverage[2m > [22m[2mshould start game on interaction
[22m[39mCrowd Runner v1.1.0 - Build: 2026-05-07T23:27:55.114Z
Quality set to AUTO

[90mstdout[2m | tests/game_full.test.ts[2m > [22m[2mGame Loop - Full Coverage[2m > [22m[2mshould run game loop steps
[22m[39mCrowd Runner v1.1.0 - Build: 2026-05-07T23:27:55.136Z
Quality set to AUTO

[90mstdout[2m | tests/game_full.test.ts[2m > [22m[2mGame Loop - Full Coverage[2m > [22m[2mshould run game loop steps
[22m[39m🎮 Debug: Indo para Level 1

[90mstdout[2m | tests/game_full.test.ts[2m > [22m[2mGame Loop - Full Coverage[2m > [22m[2mshould pause and resume
[22m[39mCrowd Runner v1.1.0 - Build: 2026-05-07T23:27:55.163Z
Quality set to AUTO

[90mstdout[2m | tests/game_full.test.ts[2m > [22m[2mGame Loop - Full Coverage[2m > [22m[2mshould pause and resume
[22m[39m🎮 Debug: Indo para Level 1
⏸️ Jogo pausado
⏸️ Jogo retomado

[90mstdout[2m | tests/game_full.test.ts[2m > [22m[2mGame Loop - Full Coverage[2m > [22m[2mshould handle visibility change (auto-pause)
[22m[39mCrowd Runner v1.1.0 - Build: 2026-05-07T23:27:55.199Z
Quality set to AUTO

[90mstdout[2m | tests/game_full.test.ts[2m > [22m[2mGame Loop - Full Coverage[2m > [22m[2mshould handle visibility change (auto-pause)
[22m[39m🎮 Debug: Indo para Level 1
⏸️ Jogo pausado
⏸️ Jogo pausado
⏸️ Jogo pausado
⏸️ Jogo pausado

[90mstdout[2m | tests/game_full.test.ts[2m > [22m[2mGame Loop - Full Coverage[2m > [22m[2mshould handle super cannon trigger
[22m[39mCrowd Runner v1.1.0 - Build: 2026-05-07T23:27:55.212Z
Quality set to AUTO

[90mstdout[2m | tests/game_full.test.ts[2m > [22m[2mGame Loop - Full Coverage[2m > [22m[2mshould handle game over restart callback
[22m[39mCrowd Runner v1.1.0 - Build: 2026-05-07T23:27:55.223Z
Quality set to AUTO

[90mstdout[2m | tests/game_full.test.ts[2m > [22m[2mGame Loop - Full Coverage[2m > [22m[2mshould handle window resize
[22m[39mCrowd Runner v1.1.0 - Build: 2026-05-07T23:27:55.236Z
Quality set to AUTO

[90mstdout[2m | tests/game_full.test.ts[2m > [22m[2mGame Loop - Full Coverage[2m > [22m[2mshould handle Shop Buy callbacks
[22m[39mCrowd Runner v1.1.0 - Build: 2026-05-07T23:27:55.248Z
Quality set to AUTO

[90mstdout[2m | tests/game_full.test.ts[2m > [22m[2mGame Loop - Full Coverage[2m > [22m[2mshould handle Super Cannon UI callbacks
[22m[39mCrowd Runner v1.1.0 - Build: 2026-05-07T23:27:55.261Z
Quality set to AUTO

[90mstdout[2m | tests/game_full.test.ts[2m > [22m[2mGame Loop - Full Coverage[2m > [22m[2mshould handle Super Cannon UI callbacks
[22m[39mSuper Cannon button pressed! { isStarted: [33mtrue[39m, isGameOver: [33mfalse[39m, superCannonReady: [33mtrue[39m }

 [32m✓[39m tests/game_full.test.ts [2m([22m[2m10 tests[22m[2m)[22m[32m 257[2mms[22m[39m
[90mstdout[2m | tests/game_extra.test.ts[2m > [22m[2mGame Extra Coverage[2m > [22m[2mshould handle resize with High DPI
[22m[39mCrowd Runner v1.1.0 - Build: 2026-05-07T23:27:55.983Z
Quality set to AUTO

[90mstdout[2m | tests/game_extra.test.ts[2m > [22m[2mGame Extra Coverage[2m > [22m[2mshould handle screenToCanvas conversion
[22m[39mCrowd Runner v1.1.0 - Build: 2026-05-07T23:27:56.011Z
Quality set to AUTO

[90mstdout[2m | tests/game_extra.test.ts[2m > [22m[2mGame Extra Coverage[2m > [22m[2mshould handle Shop Buy checks
[22m[39mCrowd Runner v1.1.0 - Build: 2026-05-07T23:27:56.026Z
Quality set to AUTO

[90mstdout[2m | tests/game_extra.test.ts[2m > [22m[2mGame Extra Coverage[2m > [22m[2mshould handle Keyboard Shortcuts
[22m[39mCrowd Runner v1.1.0 - Build: 2026-05-07T23:27:56.043Z
Quality set to AUTO

[90mstdout[2m | tests/game_extra.test.ts[2m > [22m[2mGame Extra Coverage[2m > [22m[2mshould handle Keyboard Shortcuts
[22m[39m⏸️ Jogo pausado
⏸️ Jogo retomado

[90mstdout[2m | tests/game_extra.test.ts[2m > [22m[2mGame Extra Coverage[2m > [22m[2mshould handle Touch Start to Unpause
[22m[39mCrowd Runner v1.1.0 - Build: 2026-05-07T23:27:56.057Z
Quality set to AUTO

[90mstdout[2m | tests/game_extra.test.ts[2m > [22m[2mGame Extra Coverage[2m > [22m[2mshould handle Touch Start to Unpause
[22m[39m⏸️ Jogo retomado

[90mstdout[2m | tests/game_extra.test.ts[2m > [22m[2mGame Extra Coverage[2m > [22m[2mshould update Inline Super Button
[22m[39mCrowd Runner v1.1.0 - Build: 2026-05-07T23:27:56.084Z
Quality set to AUTO

[90mstdout[2m | tests/game_extra.test.ts[2m > [22m[2mGame Extra Coverage[2m > [22m[2mshould handle debugSetLevel > 10
[22m[39mCrowd Runner v1.1.0 - Build: 2026-05-07T23:27:56.097Z
Quality set to AUTO

[90mstdout[2m | tests/game_extra.test.ts[2m > [22m[2mGame Extra Coverage[2m > [22m[2mshould handle debugSetLevel > 10
[22m[39m🎮 Debug: Indo para Level 11
🛸 Mothership boss aparecerá em breve!

[90mstdout[2m | tests/game_extra.test.ts[2m > [22m[2mGame Extra Coverage[2m > [22m[2mshould handle orientation change
[22m[39mCrowd Runner v1.1.0 - Build: 2026-05-07T23:27:56.114Z
Quality set to AUTO

[90mstdout[2m | tests/game_extra.test.ts[2m > [22m[2mGame Extra Coverage[2m > [22m[2mshould trigger screen shake
[22m[39mCrowd Runner v1.1.0 - Build: 2026-05-07T23:27:56.131Z
Quality set to AUTO

 [32m✓[39m tests/game_extra.test.ts [2m([22m[2m9 tests[22m[2m)[22m[32m 212[2mms[22m[39m
[90mstdout[2m | tests/input.test.ts[2m > [22m[2mInput[2m > [22m[2mshould vibrate
[22m[39mQuality set to AUTO

 [32m✓[39m tests/input.test.ts [2m([22m[2m10 tests[22m[2m)[22m[32m 39[2mms[22m[39m
 [32m✓[39m tests/ui_overlay_final_coverage_v2.test.ts [2m([22m[2m18 tests[22m[2m)[22m[33m 367[2mms[22m[39m
[90mstdout[2m | tests/shooting_fix.test.ts
[22m[39mCrowd Runner v1.1.0 - Build: 2026-05-07T23:27:57.836Z
Quality set to AUTO

 [32m✓[39m tests/shooting_fix.test.ts [2m([22m[2m10 tests[22m[2m)[22m[32m 14[2mms[22m[39m
[90mstdout[2m | tests/game_gap_2.test.ts[2m > [22m[2mGame Gap Coverage 2[2m > [22m[2mshould handle "recharge_super" shop action when already ready
[22m[39mCrowd Runner v1.1.0 - Build: 2026-05-07T23:27:58.998Z
Quality set to AUTO

[90mstdout[2m | tests/game_gap_2.test.ts[2m > [22m[2mGame Gap Coverage 2[2m > [22m[2mshould update newRecordReached if score is higher
[22m[39mCrowd Runner v1.1.0 - Build: 2026-05-07T23:27:59.029Z
Quality set to AUTO

[90mstdout[2m | tests/game_gap_2.test.ts[2m > [22m[2mGame Gap Coverage 2[2m > [22m[2mshould handle leaderboard save error
[22m[39mCrowd Runner v1.1.0 - Build: 2026-05-07T23:27:59.043Z
Quality set to AUTO

[90mstdout[2m | tests/game_gap_2.test.ts[2m > [22m[2mGame Gap Coverage 2[2m > [22m[2mshould unpause on canvas click if paused
[22m[39mCrowd Runner v1.1.0 - Build: 2026-05-07T23:27:59.060Z
Quality set to AUTO

[90mstdout[2m | tests/game_gap_2.test.ts[2m > [22m[2mGame Gap Coverage 2[2m > [22m[2mshould unpause on canvas click if paused
[22m[39m⏸️ Jogo retomado

[90mstdout[2m | tests/game_gap_2.test.ts[2m > [22m[2mGame Gap Coverage 2[2m > [22m[2mshould request Wake Lock when visibility becomes visible
[22m[39mCrowd Runner v1.1.0 - Build: 2026-05-07T23:27:59.072Z
Quality set to AUTO

[90mstdout[2m | tests/game_gap_2.test.ts[2m > [22m[2mGame Gap Coverage 2[2m > [22m[2mshould capture beforeinstallprompt
[22m[39mCrowd Runner v1.1.0 - Build: 2026-05-07T23:27:59.083Z
Quality set to AUTO

[90mstdout[2m | tests/game_gap_2.test.ts[2m > [22m[2mGame Gap Coverage 2[2m > [22m[2mshould capture beforeinstallprompt
[22m[39m📱 PWA Install Prompt captured
📱 PWA Install Prompt captured
📱 PWA Install Prompt captured
📱 PWA Install Prompt captured
📱 PWA Install Prompt captured
📱 PWA Install Prompt captured

[90mstdout[2m | tests/game_gap_2.test.ts[2m > [22m[2mGame Gap Coverage 2[2m > [22m[2mshould decay visual timers and reset killstreak
[22m[39mCrowd Runner v1.1.0 - Build: 2026-05-07T23:27:59.102Z
Quality set to AUTO

[90mstdout[2m | tests/game_gap_2.test.ts[2m > [22m[2mGame Gap Coverage 2[2m > [22m[2mshould save high score on game over
[22m[39mCrowd Runner v1.1.0 - Build: 2026-05-07T23:27:59.112Z
Quality set to AUTO

 [32m✓[39m tests/game_gap_2.test.ts [2m([22m[2m8 tests[22m[2m)[22m[32m 175[2mms[22m[39m
[90mstdout[2m | tests/visuals.test.ts
[22m[39mCrowd Runner v1.1.0 - Build: 2026-05-07T23:27:58.808Z
Quality set to AUTO
Sprites pre-rendered. Cache size: [33m394[39m

[90mstdout[2m | tests/visuals.test.ts[2m > [22m[2mVisual Effects[2m > [22m[2mshould render trail when enabled
[22m[39mQuality set to HIGH

[90mstdout[2m | tests/visuals.test.ts[2m > [22m[2mVisual Effects[2m > [22m[2mshould not render trail when disabled
[22m[39mQuality set to HIGH

[90mstdout[2m | tests/visuals.test.ts[2m > [22m[2mVisual Effects[2m > [22m[2mshould render vignette when enabled
[22m[39mQuality set to HIGH

[90mstdout[2m | tests/visuals.test.ts[2m > [22m[2mVisual Effects[2m > [22m[2mshould not render vignette when disabled
[22m[39mQuality set to HIGH

[90mstdout[2m | tests/visuals.test.ts[2m > [22m[2mVisual Effects[2m > [22m[2mshould trigger dodge when passing negative gate without collision
[22m[39mQuality set to HIGH

[90mstdout[2m | tests/visuals.test.ts[2m > [22m[2mVisual Effects[2m > [22m[2mshould not trigger dodge for positive gates
[22m[39mQuality set to HIGH

[90mstdout[2m | tests/visuals.test.ts[2m > [22m[2mVisual Effects[2m > [22m[2mshould trigger dodge for divide gate
[22m[39mQuality set to HIGH

[90mstdout[2m | tests/visuals.test.ts[2m > [22m[2mVisual Effects[2m > [22m[2mshould trigger PERFECT CLEAR visual when horde is cleared flawlessly
[22m[39mQuality set to HIGH

 [32m✓[39m tests/visuals.test.ts [2m([22m[2m8 tests[22m[2m)[22m[32m 26[2mms[22m[39m
[90mstdout[2m | tests/antigravity_audit.test.ts
[22m[39mCrowd Runner v1.1.0 - Build: 2026-05-07T23:28:00.467Z

 [31m❯[39m tests/antigravity_audit.test.ts [2m([22m[2m0 test[22m[2m)[22m
[90mstdout[2m | tests/renderer_extra.test.ts[2m > [22m[2mRenderer Extra Coverage[2m > [22m[2mParticles[2m > [22m[2mshould render cached particles
[22m[39mSprites pre-rendered. Cache size: [33m394[39m

 [32m✓[39m tests/renderer_extra.test.ts [2m([22m[2m7 tests[22m[2m)[22m[33m 376[2mms[22m[39m
       [33m[2m✓[22m[39m should render cached particles [33m 366[2mms[22m[39m
[90mstdout[2m | tests/game_loop_logic.test.ts[2m > [22m[2mGame Loop Logic Coverage[2m > [22m[2mshould advance to next level on victory (Level < 10)
[22m[39mCrowd Runner v1.1.0 - Build: 2026-05-07T23:28:01.633Z
Quality set to AUTO

[90mstdout[2m | tests/game_loop_logic.test.ts[2m > [22m[2mGame Loop Logic Coverage[2m > [22m[2mshould advance to next level on victory (Level < 10)
[22m[39m🎮 Debug: Indo para Level 1

[90mstdout[2m | tests/game_loop_logic.test.ts[2m > [22m[2mGame Loop Logic Coverage[2m > [22m[2mshould trigger game over on victory (Level 10)
[22m[39mCrowd Runner v1.1.0 - Build: 2026-05-07T23:28:01.669Z
Quality set to AUTO

[90mstdout[2m | tests/game_loop_logic.test.ts[2m > [22m[2mGame Loop Logic Coverage[2m > [22m[2mshould trigger game over on victory (Level 10)
[22m[39m🎮 Debug: Indo para Level 1

[90mstdout[2m | tests/game_loop_logic.test.ts[2m > [22m[2mGame Loop Logic Coverage[2m > [22m[2mshould handle Slow Mo timer
[22m[39mCrowd Runner v1.1.0 - Build: 2026-05-07T23:28:01.682Z
Quality set to AUTO

[90mstdout[2m | tests/game_loop_logic.test.ts[2m > [22m[2mGame Loop Logic Coverage[2m > [22m[2mshould handle Slow Mo timer
[22m[39m🎮 Debug: Indo para Level 1

[90mstdout[2m | tests/game_loop_logic.test.ts[2m > [22m[2mGame Loop Logic Coverage[2m > [22m[2mshould handle Screen Shake decay
[22m[39mCrowd Runner v1.1.0 - Build: 2026-05-07T23:28:01.696Z
Quality set to AUTO

[90mstdout[2m | tests/game_loop_logic.test.ts[2m > [22m[2mGame Loop Logic Coverage[2m > [22m[2mshould handle Screen Shake decay
[22m[39m🎮 Debug: Indo para Level 1

[90mstdout[2m | tests/game_loop_logic.test.ts[2m > [22m[2mGame Loop Logic Coverage[2m > [22m[2mshould handle Combo timer
[22m[39mCrowd Runner v1.1.0 - Build: 2026-05-07T23:28:01.707Z
Quality set to AUTO

[90mstdout[2m | tests/game_loop_logic.test.ts[2m > [22m[2mGame Loop Logic Coverage[2m > [22m[2mshould handle Combo timer
[22m[39m🎮 Debug: Indo para Level 1

[90mstdout[2m | tests/game_loop_logic.test.ts[2m > [22m[2mGame Loop Logic Coverage[2m > [22m[2mshould handle new record reached visual
[22m[39mCrowd Runner v1.1.0 - Build: 2026-05-07T23:28:01.730Z
Quality set to AUTO

[90mstdout[2m | tests/game_loop_logic.test.ts[2m > [22m[2mGame Loop Logic Coverage[2m > [22m[2mshould handle new record reached visual
[22m[39m🎮 Debug: Indo para Level 1

[90mstdout[2m | tests/game_loop_logic.test.ts[2m > [22m[2mGame Loop Logic Coverage[2m > [22m[2mshould process mystery box movement
[22m[39mCrowd Runner v1.1.0 - Build: 2026-05-07T23:28:01.743Z
Quality set to AUTO

[90mstdout[2m | tests/game_loop_logic.test.ts[2m > [22m[2mGame Loop Logic Coverage[2m > [22m[2mshould process mystery box movement
[22m[39m🎮 Debug: Indo para Level 1

 [32m✓[39m tests/game_loop_logic.test.ts [2m([22m[2m7 tests[22m[2m)[22m[32m 166[2mms[22m[39m
 [32m✓[39m tests/ui_settings_full.test.ts [2m([22m[2m12 tests[22m[2m)[22m[32m 78[2mms[22m[39m
 [32m✓[39m tests/shooting_advanced.test.ts [2m([22m[2m6 tests[22m[2m)[22m[32m 19[2mms[22m[39m
 [32m✓[39m tests/entities_full.test.ts [2m([22m[2m20 tests[22m[2m)[22m[32m 17[2mms[22m[39m
[90mstdout[2m | tests/final_coverage.test.ts
[22m[39mCrowd Runner v1.1.0 - Build: 2026-05-07T23:28:04.132Z
Quality set to AUTO

 [32m✓[39m tests/final_coverage.test.ts [2m([22m[2m5 tests[22m[2m)[22m[32m 15[2mms[22m[39m
[90mstdout[2m | tests/renderer.test.ts[2m > [22m[2mRenderer[2m > [22m[2mshould pre-render sprites
[22m[39mSprites pre-rendered. Cache size: [33m394[39m

[90mstdout[2m | tests/renderer.test.ts[2m > [22m[2mRenderer[2m > [22m[2mshould force re-render sprites
[22m[39mSprites pre-rendered. Cache size: [33m394[39m

 [32m✓[39m tests/renderer.test.ts [2m([22m[2m10 tests[22m[2m)[22m[33m 757[2mms[22m[39m
     [33m[2m✓[22m[39m should pre-render sprites [33m 340[2mms[22m[39m
[90mstdout[2m | tests/renderer_full.test.ts[2m > [22m[2mRenderer - Full Coverage[2m > [22m[2mEntities Rendering[2m > [22m[2mshould render army and soldiers
[22m[39mSprites pre-rendered. Cache size: [33m394[39m

 [32m✓[39m tests/renderer_full.test.ts [2m([22m[2m8 tests[22m[2m)[22m[33m 364[2mms[22m[39m
       [33m[2m✓[22m[39m should render army and soldiers [33m 334[2mms[22m[39m
[90mstdout[2m | tests/renderer_logic.test.ts[2m > [22m[2mRenderer Coverage[2m > [22m[2mshould render everything without crashing
[22m[39mSprites pre-rendered. Cache size: [33m394[39m

 [32m✓[39m tests/renderer_logic.test.ts [2m([22m[2m4 tests[22m[2m)[22m[33m 374[2mms[22m[39m
     [33m[2m✓[22m[39m should render everything without crashing [33m 365[2mms[22m[39m
[90mstdout[2m | tests/ui_overlay_final_coverage.test.ts[2m > [22m[2mUI Overlay Final Coverage[2m > [22m[2mshowGameOverScreen[2m > [22m[2mshould handle Install App button click
[22m[39mUser response to install prompt: accepted

 [32m✓[39m tests/ui_overlay_final_coverage.test.ts [2m([22m[2m4 tests[22m[2m)[22m[32m 200[2mms[22m[39m
[90mstdout[2m | tests/game_logic.test.ts[2m > [22m[2mGame Coverage[2m > [22m[2mshould start game
[22m[39mCrowd Runner v1.1.0 - Build: 2026-05-07T23:28:07.391Z
Quality set to AUTO

[90mstdout[2m | tests/game_logic.test.ts[2m > [22m[2mGame Coverage[2m > [22m[2mshould toggle pause
[22m[39mCrowd Runner v1.1.0 - Build: 2026-05-07T23:28:07.424Z
Quality set to AUTO

[90mstdout[2m | tests/game_logic.test.ts[2m > [22m[2mGame Coverage[2m > [22m[2mshould toggle pause
[22m[39m⏸️ Jogo pausado
⏸️ Jogo retomado

[90mstdout[2m | tests/game_logic.test.ts[2m > [22m[2mGame Coverage[2m > [22m[2mshould execute game loop logic
[22m[39mCrowd Runner v1.1.0 - Build: 2026-05-07T23:28:07.439Z
Quality set to AUTO

[90mstdout[2m | tests/game_logic.test.ts[2m > [22m[2mGame Coverage[2m > [22m[2mshould toggle fullscreen
[22m[39mCrowd Runner v1.1.0 - Build: 2026-05-07T23:28:07.461Z
Quality set to AUTO

[90mstdout[2m | tests/game_logic.test.ts[2m > [22m[2mGame Coverage[2m > [22m[2mshould debug set level
[22m[39mCrowd Runner v1.1.0 - Build: 2026-05-07T23:28:07.482Z
Quality set to AUTO

[90mstdout[2m | tests/game_logic.test.ts[2m > [22m[2mGame Coverage[2m > [22m[2mshould debug set level
[22m[39m🎮 Debug: Indo para Level 5

[90mstdout[2m | tests/game_logic.test.ts[2m > [22m[2mGame Coverage[2m > [22m[2mshould handle resize
[22m[39mCrowd Runner v1.1.0 - Build: 2026-05-07T23:28:07.500Z
Quality set to AUTO

[90mstdout[2m | tests/game_logic.test.ts[2m > [22m[2mGame Coverage[2m > [22m[2mshould handle buy action
[22m[39mCrowd Runner v1.1.0 - Build: 2026-05-07T23:28:07.513Z
Quality set to AUTO

 [32m✓[39m tests/game_logic.test.ts [2m([22m[2m7 tests[22m[2m)[22m[32m 194[2mms[22m[39m
[90mstdout[2m | tests/game_interactions.test.ts
[22m[39mCrowd Runner v1.1.0 - Build: 2026-05-07T23:28:08.008Z
Quality set to AUTO

[90mstdout[2m | tests/game_interactions.test.ts[2m > [22m[2mGame Interactions[2m > [22m[2mInput & Events[2m > [22m[2mshould handle visibilitychange to pause game
[22m[39m⏸️ Jogo pausado

 [32m✓[39m tests/game_interactions.test.ts [2m([22m[2m6 tests[22m[2m)[22m[32m 15[2mms[22m[39m
 [32m✓[39m tests/shooting_gap.test.ts [2m([22m[2m4 tests[22m[2m)[22m[32m 10[2mms[22m[39m
 [32m✓[39m tests/movement.test.ts [2m([22m[2m9 tests[22m[2m)[22m[32m 12[2mms[22m[39m
[90mstdout[2m | tests/game_nuke.test.ts[2m > [22m[2mNuke Logic[2m > [22m[2mshould handle NUKE purchase correctly
[22m[39mCrowd Runner v1.1.0 - Build: 2026-05-07T23:28:09.694Z

 [32m✓[39m tests/game_nuke.test.ts [2m([22m[2m1 test[22m[2m)[22m[32m 58[2mms[22m[39m
 [32m✓[39m tests/entities_coverage.test.ts [2m([22m[2m8 tests[22m[2m)[22m[32m 13[2mms[22m[39m
 [32m✓[39m tests/collisions_advanced.test.ts [2m([22m[2m4 tests[22m[2m)[22m[32m 7[2mms[22m[39m
 [32m✓[39m tests/utils.test.ts [2m([22m[2m16 tests[22m[2m)[22m[32m 10[2mms[22m[39m
 [32m✓[39m tests/audio.test.ts [2m([22m[2m12 tests[22m[2m)[22m[32m 17[2mms[22m[39m
[90mstdout[2m | tests/input_logic.test.ts[2m > [22m[2mInput Coverage[2m > [22m[2mshould vibrate safely
[22m[39mQuality set to AUTO

 [32m✓[39m tests/input_logic.test.ts [2m([22m[2m8 tests[22m[2m)[22m[32m 28[2mms[22m[39m
[90mstdout[2m | tests/gameplay_polish.test.ts[2m > [22m[2mGameplay Polish[2m > [22m[2mPerfect Clear Logic[2m > [22m[2mshould trigger PERFECT! when horde is cleared via shooting (no melee damage)
[22m[39mQuality set to AUTO

 [32m✓[39m tests/gameplay_polish.test.ts [2m([22m[2m4 tests[22m[2m)[22m[32m 16[2mms[22m[39m
 [32m✓[39m tests/movement_extra.test.ts [2m([22m[2m6 tests[22m[2m)[22m[32m 9[2mms[22m[39m
[90mstdout[2m | tests/ui_settings_coverage.test.ts[2m > [22m[2mUI Settings Coverage[2m > [22m[2mshould create settings modal on setup
[22m[39mQuality set to AUTO
Quality set to AUTO

[90mstdout[2m | tests/ui_settings_coverage.test.ts[2m > [22m[2mUI Settings Coverage[2m > [22m[2mshould toggle settings menu visibility
[22m[39mQuality set to AUTO

[90mstdout[2m | tests/ui_settings_coverage.test.ts[2m > [22m[2mUI Settings Coverage[2m > [22m[2mshould sync sound button state on open
[22m[39mQuality set to AUTO

[90mstdout[2m | tests/ui_settings_coverage.test.ts[2m > [22m[2mUI Settings Coverage[2m > [22m[2mshould handle Sound Toggle click
[22m[39mQuality set to AUTO

[90mstdout[2m | tests/ui_settings_coverage.test.ts[2m > [22m[2mUI Settings Coverage[2m > [22m[2mshould play music when unmuting if game is active
[22m[39mQuality set to AUTO

[90mstdout[2m | tests/ui_settings_coverage.test.ts[2m > [22m[2mUI Settings Coverage[2m > [22m[2mshould handle Haptics Toggle click
[22m[39mQuality set to AUTO

[90mstdout[2m | tests/ui_settings_coverage.test.ts[2m > [22m[2mUI Settings Coverage[2m > [22m[2mshould handle Quality Toggle click (cycle)
[22m[39mQuality set to AUTO

[90mstderr[2m | tests/ui_settings_coverage.test.ts[2m > [22m[2mUI Settings Coverage[2m > [22m[2mshould handle Quality Toggle click (cycle)
[22m[39m⚠️ Performance degraded. Switching to Low Quality Mode.

[90mstdout[2m | tests/ui_settings_coverage.test.ts[2m > [22m[2mUI Settings Coverage[2m > [22m[2mshould handle Quality Toggle click (cycle)
[22m[39mQuality set to HIGH
Quality set to LOW
Quality set to AUTO

[90mstdout[2m | tests/ui_settings_coverage.test.ts[2m > [22m[2mUI Settings Coverage[2m > [22m[2mshould handle Close button
[22m[39mQuality set to AUTO

 [32m✓[39m tests/ui_settings_coverage.test.ts [2m([22m[2m8 tests[22m[2m)[22m[32m 53[2mms[22m[39m
 [32m✓[39m tests/shooting_coverage.test.ts [2m([22m[2m4 tests[22m[2m)[22m[32m 13[2mms[22m[39m
 [32m✓[39m tests/collisions_gate_types.test.ts [2m([22m[2m4 tests[22m[2m)[22m[32m 8[2mms[22m[39m
[90mstdout[2m | tests/performance_ux.test.ts
[22m[39mCrowd Runner v1.1.0 - Build: 2026-05-07T23:28:15.530Z
Quality set to AUTO
Sprites pre-rendered. Cache size: [33m394[39m

 [32m✓[39m tests/performance_ux.test.ts [2m([22m[2m3 tests[22m[2m)[22m[32m 77[2mms[22m[39m
[90mstdout[2m | tests/gate_rendering.test.ts[2m > [22m[2mGate Rendering Caching[2m > [22m[2mshould create and use cachedCanvas for a gate
[22m[39mSprites pre-rendered. Cache size: [33m394[39m

 [32m✓[39m tests/gate_rendering.test.ts [2m([22m[2m2 tests[22m[2m)[22m[33m 396[2mms[22m[39m
     [33m[2m✓[22m[39m should create and use cachedCanvas for a gate [33m 353[2mms[22m[39m
[90mstdout[2m | tests/game_callbacks.test.ts[2m > [22m[2mGame Logic Cleanup[2m > [22m[2mshould handle buy actions
[22m[39mCrowd Runner v1.1.0 - Build: 2026-05-07T23:28:17.201Z
Quality set to AUTO
Sprites pre-rendered. Cache size: [33m394[39m

[90mstdout[2m | tests/collisions_cleanup.test.ts[2m > [22m[2mCollisions Coverage[2m > [22m[2mshould cleanup dead soldiers in the middle of the array (gap removal)
[22m[39mQuality set to AUTO

[90mstdout[2m | tests/game_callbacks.test.ts[2m > [22m[2mGame Logic Cleanup[2m > [22m[2mshould handle super cannon button
[22m[39mCrowd Runner v1.1.0 - Build: 2026-05-07T23:28:17.584Z
Sprites pre-rendered. Cache size: [33m394[39m

[90mstdout[2m | tests/game_callbacks.test.ts[2m > [22m[2mGame Logic Cleanup[2m > [22m[2mshould handle super cannon button
[22m[39mSuper Cannon button pressed! { isStarted: [33mfalse[39m, isGameOver: [33mfalse[39m, superCannonReady: [33mtrue[39m }
Super Cannon button pressed! { isStarted: [33mtrue[39m, isGameOver: [33mfalse[39m, superCannonReady: [33mtrue[39m }

 [32m✓[39m tests/collisions_cleanup.test.ts [2m([22m[2m1 test[22m[2m)[22m[32m 9[2mms[22m[39m
[90mstdout[2m | tests/game_callbacks.test.ts[2m > [22m[2mGame Logic Cleanup[2m > [22m[2mshould handle low army warning
[22m[39mCrowd Runner v1.1.0 - Build: 2026-05-07T23:28:17.860Z
Sprites pre-rendered. Cache size: [33m394[39m

 [32m✓[39m tests/game_callbacks.test.ts [2m([22m[2m3 tests[22m[2m)[22m[33m 1053[2mms[22m[39m
     [33m[2m✓[22m[39m should handle buy actions [33m 447[2mms[22m[39m
     [33m[2m✓[22m[39m should handle low army warning [33m 335[2mms[22m[39m
 [32m✓[39m tests/renderer_utils.test.ts [2m([22m[2m5 tests[22m[2m)[22m[32m 8[2mms[22m[39m
 [32m✓[39m tests/entities_rebalance.test.ts [2m([22m[2m3 tests[22m[2m)[22m[32m 8[2mms[22m[39m
 [32m✓[39m tests/ui_settings_callback.test.ts [2m([22m[2m5 tests[22m[2m)[22m[32m 66[2mms[22m[39m
 [32m✓[39m tests/performance_visuals.test.ts [2m([22m[2m4 tests[22m[2m)[22m[32m 15[2mms[22m[39m
 [32m✓[39m tests/entities_advanced.test.ts [2m([22m[2m10 tests[22m[2m)[22m[32m 13[2mms[22m[39m
[90mstdout[2m | tests/visual_holylight.test.ts[2m > [22m[2mHoly Light VFX[2m > [22m[2mshould draw beam particle with gradients
[22m[39mSprites pre-rendered. Cache size: [33m394[39m

 [32m✓[39m tests/visual_holylight.test.ts [2m([22m[2m2 tests[22m[2m)[22m[33m 341[2mms[22m[39m
     [33m[2m✓[22m[39m should draw beam particle with gradients [33m 335[2mms[22m[39m
 [32m✓[39m tests/spatial.test.ts [2m([22m[2m9 tests[22m[2m)[22m[32m 12[2mms[22m[39m
[90mstdout[2m | tests/fixed_loop.test.ts
[22m[39mCrowd Runner v1.1.0 - Build: 2026-05-07T23:28:22.701Z
Quality set to AUTO

[90mstdout[2m | tests/game_scenarios.test.ts[2m > [22m[2mGame Low Army Coverage[2m > [22m[2mshould trigger low army warning
[22m[39mCrowd Runner v1.1.0 - Build: 2026-05-07T23:28:23.566Z
Quality set to AUTO

